004fba5ef682f414ec8bed4b6aab37d674b6a8e8713eca6a34e66599a47de439  big/full-width/95f0dac9.md
02b8784429dc63e0a55ebd802bf3ba2ffa3d5b056f89d4e9da1c163ea48eac51  standard/kerning/95f0dac9.md
02e6712877675a7b476034909e1e341c0ebc0b5e0289334dd9e6a98095f466de  big/full-width/abcdefghijklmnopqrstuvwxyz.md
068c34decafd3a347a597e1b09414f9e3c8a809946ad7279b2dc03b0d8ee7f23  slant/full-width/The_quick_brown_fox_jumps_over_the_lazy_dog.md
073ad7d94df277c080977ce9861dac213b50fb0470c303155850f364e0dfd814  small/kerning/FIGgo_1_0.md
07b0186c4b656ab8f7fb194ca45d8a742e4f1690f9ac0d45101083ee0de241b0  slant/full-width/95f0dac9.md
07ec8c6865cfc0bfee90dd186cfa645b98843c2a3b30edaf18a54746f88a9d62  slant/kerning/95f0dac9.md
07f52f675344d4f331ec166c953b4eabf0ac80c893dc25ca4703c61e9a9e2ead  small/default/ABCDEFGHIJKLMNOPQRSTUVWXYZ.md
09473a6dcb262940b1860559af5f60beade6b7c4a791e71162db91928d106cfb  slant/smushing/FIGgo_1_0.md
0bc7ca4e87680207806f8cb945eb83176402c2394ddb9be2045880bc60577393  slant/smushing/ABCDEFGHIJKLMNOPQRSTUVWXYZ.md
0c4291b2f3e056b16e1f604c51fe69fd4df13a6682908b5fbcfad771777eb88a  slant/smushing/abcdefghijklmnopqrstuvwxyz.md
0db2d1a32f86835b86ba9a4428eee7674dc7f717db18d3bb842b57b8acbcd785  big/smushing/FIGgo_1_0.md
0dbd4272b234184fd94f29377ac3d056490d11383efc2e0ae9ef52c57550149d  big/kerning/three_spaces.md
0ea7d8377ad638ce881a2cf636b2595605a0a43a0dccf4b0f0ebd90b66998dc4  slant/default/95f0dac9.md
0f3032e50f3ccac42a148c54266babb094f917cae31ae52403d1eda588ca35c9  slant/full-width/three_spaces.md
13d044b47f0e54948a32ce0e3317ff8bea6d0a9f7eead09bc59f81c9962370da  standard/kerning/space.md
14891a94df6753bfd48e94c2f7c56312347fb54479d4af2ee349393281ad1c0a  slant/full-width/ABCDEFGHIJKLMNOPQRSTUVWXYZ.md
1603d83986e4fe1061fa9be2a2ca8fdde810270673cb3ceb9164bda4bc2de593  big/full-width/ABCDEFGHIJKLMNOPQRSTUVWXYZ.md
172e022f387b9f2968620acafcbf31413116aa054007f99580ed1f8cbc8f9abe  small/default/a.md
17b91c4bfff9aebd535a5e353345969887029afe3c98d2614766fccfbad94a88  big/smushing/Hello_World.md
190102c7b9b7a0279785fcceeb7fb596952c62026cc917511927c653a162101b  slant/smushing/0123456789.md
1993a83ad083c3346ccdffc04d9fb8c560b27e3018b53ad99962886a48c4244d  slant/smushing/The_quick_brown_fox_jumps_over_the_lazy_dog.md
1d819899417c75172f546e3d796a10f791fdd163eb154bf6419f8a6dff305a33  small/full-width/0123456789.md
211e40828438b51f1d3bcf17ab3cb19793db16534083f8b36e07a0874f88b0fe  standard/kerning/c4e3c52d.md
219ee1189e0c7f83320a7a20e74677d8678f267f4b2fd908485c3a7312f396a7  big/kerning/Hello_World.md
22eca2f336e825bf909cb70f8e995c7d05540f3013e6b1ab8337c35dc013991f  slant/smushing/three_spaces.md
24760c1184ec629e06c85b5eac76eb95438c34e2c73e583fe293184fb6ddd3b6  small/full-width/The_quick_brown_fox_jumps_over_the_lazy_dog.md
25f4a2ea66aa1dfadd4d4ef92d45f8e746791c3250f97d10b9953f72cbaf724b  slant/smushing/95f0dac9.md
2807918a70874d4df8b1ef8b6f5595f3cc78ca9465aec3fc70ea27482cb1c255  small/full-width/three_spaces.md
281e4086cb0f7cd945f22f47ed874c776c3e438cd488f42e8821c111eae612b3  standard/full-width/The_quick_brown_fox_jumps_over_the_lazy_dog.md
282d7eb5337d19991cf0534c8a637736a32d7ed7a5ab7eb0c99fc727d6a9fe2c  big/smushing/95f0dac9.md
28937cb20c1ff1c225d427e7b8a750be5ff4bffb8e525b76a803f336c5e2dbf0  big/default/Hello_World.md
2946bf3ec6c020cfeb6853498fe4e868ee0f4cbf0b74dc00d36b28cfc4a7b6c0  big/kerning/abcdefghijklmnopqrstuvwxyz.md
2a294a921b9ca39b901ce04bdf52c32679ef57195c3355a8cade02a512abe4dd  slant/smushing/space.md
2b89e8d5063519e1e4daa882dbc7e5e2356653c79023c19ef711a4529b1a2961  standard/kerning/Hello_World.md
2e39a5261887f6cb6774c42cbd132f612c2f471a4203c533c21a0962826b6237  big/full-width/a.md
2e5b3651065e1c5cf2c4efea7341c245475d2afe5b91264ff7b6827d13523852  small/default/abcdefghijklmnopqrstuvwxyz.md
2fb06d69bebb5f00250d49bc04672574690363e5075ea5b5a9479906a6193150  slant/default/The_quick_brown_fox_jumps_over_the_lazy_dog.md
306d822c7fc2ed361ef8f83277930d0c7cd27c79a16e9edec638682c06f97e73  slant/kerning/a.md
333814227c772b66bac08ce34ed2b5c5ee925f99ad3a96dfefa144438fe92949  standard/kerning/ABCDEFGHIJKLMNOPQRSTUVWXYZ.md
3388a8b1fb747e96006f81562b5e1f63e5e0cc77eb353a437740758b2320ad07  big/kerning/a.md
33a44bdcf649e7a6fd674cb17c599f16f387874e98bf51759a13da7be49b4d89  slant/full-width/0d1a6f01.md
3533189d84c2f89151eb54e229788f79a3b281364d3302d19b01c7ebe3f14978  big/smushing/abcdefghijklmnopqrstuvwxyz.md
3701e3b6b4fe61e483982168c8faa35ee2dc645e481d21d1c02a13b497aec5f4  small/kerning/abcdefghijklmnopqrstuvwxyz.md
37f6cc75bd0ef78911d11531e9728c18a646a4609b3a0c72fafc9e112625634b  standard/default/a.md
3aeb55f028e118b4c5a9c07e24af0759ff104cb1a5586d4c050428058c903958  small/default/95f0dac9.md
3e9ed5a43d5dd5cecc6d07ae7072f57f35bc67d68b238c015b8e7bb32e9fe419  slant/default/0d1a6f01.md
3ee287ffab78830b24aa9c98c67aaf70d4777261c406b4b48fb7a7071068e2d9  big/default/abcdefghijklmnopqrstuvwxyz.md
4051ee69a6094400c9d40f05edcddb9e3500ab460222195f780c52b4ef426bc6  big/kerning/FIGgo_1_0.md
409d9e6d284b1a38d87a0c3e129e0dc77b76d457f0d435be885767d8c2268aae  slant/default/three_spaces.md
428b1c3acde71eed72bc956df0cfdd12e4737802e487dbe3d165311a7abe0ccc  small/default/0d1a6f01.md
44a9aec7499418fc75b9d5ef9fa0b039368b3290f2c3bd21818ead1712329b91  slant/kerning/three_spaces.md
45a6325eacd40ca48319d96e1c158d8469b259257d6c75349716e0ad2c0bc8c3  small/kerning/0d1a6f01.md
465628899ea4b8660c32219001808af15a7fdb803e6251d1e5f5932c44f6a123  standard/full-width/three_spaces.md
467c0a1af7e7d7fc8d5de0ea8d355f944cf6f521ea4c549fb8c3fd24bb4227bc  small/full-width/Hello_World.md
470837246bc003a99af316f8b9025ae0a17d03b577b3c72e874b0e7347a4391e  standard/smushing/space.md
476100c3ef5415eb6e0a7029462d0e2f9f06bb0cda6e6378f56baaba536c35fe  big/default/0123456789.md
47b4b448724b7cc7807463e6561fb1703d4be14fb7153fba3366ed3869c75aab  small/full-width/a.md
4ad7118bba4b1624ed0bb0c51c3f7466bf732b829fa808d1a8df565c92f2b826  big/kerning/space.md
4be22584689bf6a9bb036bf3d2e68e6ee196c60be693a27964583d9b03cd7838  slant/default/space.md
4e3ba3ccb5d972f8390b6a41c56a024d54182d317a0bff7271f365cdcbf946ba  small/kerning/The_quick_brown_fox_jumps_over_the_lazy_dog.md
4f79e8a491bcb7c196e1b9ee594375974f6734485c8abfa5cf908fd12a159d40  small/kerning/Hello_World.md
5142803cc97cb40349a98519024987e033b362ed10cc0525d18574dbff99b4a8  big/smushing/The_quick_brown_fox_jumps_over_the_lazy_dog.md
541a84724bc201113e262c9999f9cded21b70acf79c6c2d8d4c78c889fb685f8  big/full-width/0d1a6f01.md
5574a72c33196347b8db10f00e40ba6aa554729066c8127d3bebef8de2b32074  big/full-width/space.md
56410723ac19db09b856e4c0fb9517241f677f167e7448b9b7f8ac7dcb21a406  big/default/FIGgo_1_0.md
56670e760314be536ca6af28af0c7f2afd1b1e1fc416b1640640911575e18a40  standard/kerning/three_spaces.md
595ae61770e5895c0e82ce6a70f13b856e0db7980482defec936dfb9f6f02b7f  small/smushing/0123456789.md
5f953f62836d2f660fdb64863b78421a8ef967ee69f68fbdc7bbf4335f9caef9  slant/default/c4e3c52d.md
625e823e955b96bdb7610f676f38cd4fb608f290e5084867af97ccd2704c6d0c  standard/default/Hello_World.md
6926d17f851a56f75d9adc678cc6cf106e854e1054036bff85aea5e51f02a043  standard/smushing/FIGgo_1_0.md
6a6701aaf2b592a6252483524a2453ccbd9e9e270367475f2e5e0b6443693179  small/full-width/95f0dac9.md
6ac8d25eda7fb1a859be520ff9cbe58349d63550c43e456fafd8e241c653783f  small/full-width/space.md
6bbba4ba47bf8684b784b5a70a89c399b593068c92f451161b5215c1568902a3  big/default/The_quick_brown_fox_jumps_over_the_lazy_dog.md
6c7507b873b64726e5e1412ffb11690c54ae054ff07632a93b53b591e962dc14  small/kerning/95f0dac9.md
6d8bcaef6fd6255a271c9487426ceb14ea1d15430a8206ca1c477079e038d991  slant/smushing/0d1a6f01.md
715759fd351e1c808e91c298e73d1fc0a422c4fb53720af9fdc6d5ef18441cfe  slant/full-width/FIGgo_1_0.md
717db8d60e57549d3f95cf99697c19c56f61bb5fb35fea14e088689abb3058fd  standard/full-width/FIGgo_1_0.md
734a125ec050def81d87e135db84be00b36b240c905346668f764705a2f08b7c  slant/full-width/0123456789.md
748817ed8fcffe2f4dfd95a18aba662e8a9ae27614d3562275bcf9ccf8190c24  small/smushing/space.md
758402ad25f6fbaf8b25dd5ba2e06258b6bf7daf7c02feadcd39a6f54dc6048b  small/smushing/a.md
78bbe4b995e937411902409e509236e3d5d7a7ab30a3e2bc394e4eb7b1bbc4b2  standard/full-width/abcdefghijklmnopqrstuvwxyz.md
7a9784e353d529e70411814858106d44f47971280f16b49981c4ce6e343b439b  small/smushing/0d1a6f01.md
7b2429a003d4808d3f150c0c692f27efa74b1401d5a00aead319ae8f4a9f0956  big/kerning/0d1a6f01.md
7bccc71131c933c0afa6986b401ea7d5d0d14990cf97c463fce259c08d719ec8  big/default/ABCDEFGHIJKLMNOPQRSTUVWXYZ.md
7be55c282ccfefc19149464e2c6e1150a2683f2a3dd9b5238bd3493f6e474c51  big/full-width/Hello_World.md
7c546cda93cb35b5bcfdc1400a5fe1cc6339da638228b35b3307ea14578d6eb1  standard/kerning/abcdefghijklmnopqrstuvwxyz.md
7cbbdf99a1d64206b7278947ca6def4d8a50e7a7cde0197fe726d50473d8712e  standard/default/The_quick_brown_fox_jumps_over_the_lazy_dog.md
7d61215dc233818e07dee2bbb0166e9be70c993a562ba098409070115c6fe816  standard/full-width/95f0dac9.md
7f87a0f442690d8d28f7427776002d2ee63d895d45754a347b97f6bd8d082649  standard/kerning/FIGgo_1_0.md
801bd2d5cb8aa7837d2bc4021446135c8266f242b9b747feba4fc8ae504ed62f  standard/full-width/ABCDEFGHIJKLMNOPQRSTUVWXYZ.md
8055e13304a7682fc89f7541661ba07a8713638aa0c7736f4347955769b94c26  small/smushing/c4e3c52d.md
806344fcb3f392f11499d8eeb789fe17fa07252d4f5ccdc4a57baafab7c70275  standard/default/three_spaces.md
82d941d05198065b1ff3ffb7016ba5a75febfae9179a55f64c0247f14f344727  standard/smushing/0123456789.md
83c084e2276f4e46aaddcdd3da846b62a4a00592e15761d3d5e07a6c1f13d2ff  big/smushing/0123456789.md
83c29a4c9fa65154564df6659e10d97eb662c883eb892ddd339dd84f39e51fab  slant/smushing/a.md
847ee9a5d55c3b66850a3e9c87622e16259fc62d7169d3cd3338f5f6b37197c4  big/smushing/c4e3c52d.md
849c57216a51bdfe5c5838e44fce7e8f5d778973d61e796057edac7fa91ca280  slant/default/a.md
85ab51220c4cd70d4369735889df8573b52b26e87f67fc23b50df66d2053b2cb  big/default/a.md
8b72e6ebc0cd2807ace88aa94901f5af982e5e83115fef020f5eb7fa91aa18b8  standard/smushing/abcdefghijklmnopqrstuvwxyz.md
8bb0476285e934ad8360bae8b52a00426ca2f388cfcbddfb77feb4eb33e839ad  slant/full-width/abcdefghijklmnopqrstuvwxyz.md
8cdd4d6e9565d60d999d4449ae715d51b9a649b3e543a2babcd987ecf323bcd8  small/default/Hello_World.md
8cfdd79a78f94c12f5f67c1ea16e5dd9beae67b03cdbca7688a7d07bacc492f6  big/full-width/0123456789.md
916434e3db3ba3b215c3b592a46f45f5565d271ca97907709d40876e8c8bb0a3  standard/full-width/space.md
92de9ba3623797864dea37ee7cc0b8b21d5aaf5745ef6edd5cbcd9bc8e99fe24  big/default/0d1a6f01.md
96033a941c28aad69e006a0dc5490409a1082d8f0b4ccd07e921de179e4f5cc2  slant/kerning/ABCDEFGHIJKLMNOPQRSTUVWXYZ.md
964f36d8979b373fff3b6709f7912e7ed97bfa0bc29bc65c2b5c9310aefbf58d  small/default/The_quick_brown_fox_jumps_over_the_lazy_dog.md
978d3f6470d2a277581dbe714f1d22fb1c13d6738a5b66af9afb06407b330e2b  big/full-width/FIGgo_1_0.md
9a6d09b286836e1b3982c845471d14d48c2a0c2898432161fa8d3539324777c8  big/default/95f0dac9.md
9b8ab86641472806e816a8a5bd28dc81e0e850991ceb2fd9fa4da38e7e19af58  small/default/three_spaces.md
9cfaf688f74e5bd739ecd7d2b47cd38895a500a6b582afe262ac3fc5ec696c74  standard/default/FIGgo_1_0.md
9e1c90ae67d43c4a611d757fe4022f927c5a3bd5861802e1120bbd34eb546d63  standard/default/ABCDEFGHIJKLMNOPQRSTUVWXYZ.md
9eb8fefef21919026e2828a143ad0c227473aa26a55343a098c96d85dfb80204  standard/default/c4e3c52d.md
a027a0c7060a3805f605bc859b5e294702b4962107b9fb34029fd260f2f95816  standard/smushing/c4e3c52d.md
a1da8ea34f655d5c439e739801e7943ec5c635e8bc1dda733140e250da685316  standard/default/95f0dac9.md
a2001025fdebfc90aed551122b96cfa2562022e0498998d7e261bdf6b6344d22  big/kerning/ABCDEFGHIJKLMNOPQRSTUVWXYZ.md
a272f8e781270a4896f6ecab87ced9f4ed1655be101f6544ee491d448822952a  slant/smushing/Hello_World.md
a552802f627027c289caff09f26da1421aeed90dc0d2cf2f06512db028a98a73  big/kerning/0123456789.md
a7485b274a652e7a9cab749f8938e418360ae0dc037c5b2ab19907fa2478110d  big/kerning/c4e3c52d.md
a84b0e6dd4c6c2e44a09c7de84d392112269ae854845d846fad201f1ef409443  slant/kerning/0d1a6f01.md
a854ecfba9946f891e72ae2de9e73bf13056166226b99221c11603c092752727  standard/default/abcdefghijklmnopqrstuvwxyz.md
a8b5a8fbe37eda5d4c55ced88c02c78bcec8a6b6904f5179b8082d6cda2c48a0  big/smushing/three_spaces.md
a937496674c4123b145e64eaac51bf4b2f23e84f7d25c4b4bc3994017a843a5e  big/default/c4e3c52d.md
aa1b608365e28fd5e6e7fd5297aaf0733bbcc2fb0ebc35c56ea0e70951feafdd  standard/full-width/c4e3c52d.md
aa6d4c80ed5b4756e944613c135a81b10d30a011d40dccd954f621ccdb2f9892  big/smushing/space.md
ab766fac85cbabc4e390e1655313047d64f743c5f3902b80b4dc6fab65505370  big/full-width/The_quick_brown_fox_jumps_over_the_lazy_dog.md
ac16e78d7ec5ab8512f107b81167ad272c9e0acf99633358aeb87bdb5110f9b8  small/smushing/The_quick_brown_fox_jumps_over_the_lazy_dog.md
addfa9cdd103ab3b7a275686c1baf77db6d0913cccaccc21a1490200a590b6af  small/smushing/three_spaces.md
b0aa9d8585fd69d535a7448e57bd8304570ebfb7d21934081ca1b4b516268122  standard/smushing/three_spaces.md
b2f2193afcad946231fe8455af2095ffe2c51f9c7ba63b64d36c77699fe41781  slant/full-width/c4e3c52d.md
b47c140b569413280ee4a1af90805ac194d7b80992a14769e72d081569f97249  slant/kerning/Hello_World.md
b4a4a77ffde9f24381571e2cd48485878e89113979b4ce9e6c191dc1b7e22ce4  small/full-width/ABCDEFGHIJKLMNOPQRSTUVWXYZ.md
b50682b74a43740fec118137f25326bf7766ed5ea286d1efb537011808d5e866  small/smushing/abcdefghijklmnopqrstuvwxyz.md
b538df303f9d28eb7275bbe9bed39caa7a1f3921b96dfd3dcc56ace633fd5a83  small/full-width/FIGgo_1_0.md
b7a17d7533aaa07ff213e9b35d55b8cf810cbfefbeb081b6fb1967d0ed76b525  standard/full-width/0123456789.md
b8e740473b4fb13c9b1bd211ee7cf0a53f0c1e07c901bdfba9670658c1b891f1  big/full-width/three_spaces.md
b90e14ffa2a2d146f8657c764420ebce6dbdc1e89a7b525a41710ff76681cb58  standard/default/0d1a6f01.md
bb2eac407ab2ef54e9289341f80defaef7481399483aa345eb79e9c5b4fc1a01  small/default/space.md
bb43e3f68d43dcc31abae7eb94dbf9fc785290fc9a1eaaac13c5984a639e949c  standard/smushing/Hello_World.md
bb7058a94506f51ece297b56ac479f6ff6fbffbbf549ff8f70460ad1f1380f6a  standard/kerning/0d1a6f01.md
bbfc37f6e2b9728b7198354b151307be1267fec262f4400d4ed3e3568bf67fe9  big/kerning/95f0dac9.md
bc64096c4c1a3b6ab193f270b2cc7a94a8a582ea0b8bfd45f0ed4702e4f51378  big/smushing/ABCDEFGHIJKLMNOPQRSTUVWXYZ.md
bd577261ba222b31d4964758d40ed49480ac5a335f10a488593b8058cebd2c12  slant/default/abcdefghijklmnopqrstuvwxyz.md
bd75b3423e14e961361f0eec9012923822f80da20a3645afec42ca9233fff079  slant/default/ABCDEFGHIJKLMNOPQRSTUVWXYZ.md
be39b6b7a339d8f60cf845f4fecf944c08c0b42f32e6e9a5da9b08e7b197d0ea  small/smushing/ABCDEFGHIJKLMNOPQRSTUVWXYZ.md
be417d3a0db598cea270358106425e897f66d9af6dfaeecb0a6a42f7c308a8d7  standard/smushing/The_quick_brown_fox_jumps_over_the_lazy_dog.md
bf5dab25a4532e3b807f125452e472644df78d9e088edac56e6131bbe544111d  small/kerning/three_spaces.md
bf6fe0ba8fb8b0d1c57429fb798e57bc9cea5d8bdf019e261b37f480ff8c9932  standard/kerning/a.md
c0ffedf32d5ef93458c584d113db8033ff257f7d4d1b2e580b45b16984771734  standard/full-width/Hello_World.md
c5ddfafedc9cfea669780f33397d7eaccff79bbc448d424187de44c79d2e1b53  small/kerning/space.md
c627f80b68777aa551f02355a492b67d08c56a3a4ddc7d326599a060562e56c1  small/full-width/0d1a6f01.md
c638b3c4df738f5649d50a3ad30f009e89b9adf69f1ac0c7c27c9f680cbfabc4  standard/default/0123456789.md
c6561aa4dd32b51c1dade007c2102f58f2819945876c57651a04d01e1e4d2264  big/smushing/0d1a6f01.md
c893d59167d462a21568f7a1703abeeca36220bd319b93d1fc0a1eea92cf9d91  small/full-width/c4e3c52d.md
c8adf01d7c3660721335bf0a9b4aaf17f50a9450c77334634312c58a0c4e55d0  slant/default/0123456789.md
ca8fb255603f22f24f3cbbe33bbb7141fbcef7d6eaff487393699883cb24e765  standard/kerning/0123456789.md
ca9a55f434773506fd8ff48d3844847f8d44b97318c4e2010c258d6d9ad66d60  slant/kerning/c4e3c52d.md
ccfe9152865da28c15a8ce5c4604a1a6fa5a58a7f9a7ff5856e8ed161234d4c9  small/default/FIGgo_1_0.md
d1755cd2eca7a6329c912c3e1bbcb27f6abe19b762f1400aadd9bde3dedf3f2d  slant/kerning/0123456789.md
d2bfa9d2f41fe14c34e5216d0c1041f0ca977c6889a63f163530720083becae5  slant/full-width/a.md
d38b42496d4ca9854a291892a2eefb8f6e6d1d68ab6ba7a292bb3d7f0836773d  slant/kerning/The_quick_brown_fox_jumps_over_the_lazy_dog.md
d6bede26b7cba5166218ea64ddb5ae68e8fde38c6b37d85a63c0f878e7761b7c  standard/smushing/0d1a6f01.md
d89df3181a7a22b96d38f2a32409c61a560f8fbdf97d492a6392590acad144c8  slant/kerning/FIGgo_1_0.md
d92d6578e3824e56dc13e55a0fc5eeaafbd293af8d6ad6f9bfc4cc6dd7598e9e  slant/smushing/c4e3c52d.md
da3d76cbb196d4b8db48e0e729542b2d525a10139d1b05619d68f35bc568edfd  slant/default/FIGgo_1_0.md
db156c27d620f51c70494dabbbe78dce226a227c7cf4f6c1d572c2e6a627709f  small/kerning/ABCDEFGHIJKLMNOPQRSTUVWXYZ.md
de4bc88b0262176c2b873be9eb87830da8ecf12bfd09241993346dfff9621cd2  big/full-width/c4e3c52d.md
de4fd00986c0d9eed96883a41b457c913634f11573e32d2bff626149007ca5e9  standard/full-width/0d1a6f01.md
dff6ee4514d7c9e1fb6071941b6fe9678465ae87a86d22d6c728f8dda6a178f6  small/smushing/95f0dac9.md
e0437e1743b34ab81ed76a6d1566ac69756b41579591c639d1d3fac3341b795b  slant/full-width/space.md
e05fe7ea5272d7932db78273ba82ab221a87ebb7ea983a0144e9fa4748d5588c  big/smushing/a.md
e0e63fdf7130921bd6cdb8df5d5549fa18efab85f3bff0cd1720ecf328260cf7  small/kerning/0123456789.md
e10f5a8d8f07c1801348b989f0eaa5473320c85f735c77e27179cfa2c88bf013  slant/kerning/abcdefghijklmnopqrstuvwxyz.md
e221b6bb308806e03a0053730e7b0a5df2ba47caf4c3dafaafc97c5a68f1f2c4  big/kerning/The_quick_brown_fox_jumps_over_the_lazy_dog.md
e55ee35616857c26efda29cbb6a99be3d71b4656d8ed61a8256250e91c69e81f  small/smushing/FIGgo_1_0.md
e574a03196456e083fca8695ffcb30c813bd3d79ba829b1c07bc47e30025828f  small/default/c4e3c52d.md
e60ddf44a81388ebfbc51ef062d6d608603b8454873c54a0c404e75e5407cc28  small/smushing/Hello_World.md
e6a766373db7a0bc8979f05e43576f320f12b7905d6f902608de03bfb61dd6b9  slant/full-width/Hello_World.md
e6d649647ecc736bc2dcda54597d21bc3f3289a9befd2b4cc1d069af1ba2c7e0  small/kerning/c4e3c52d.md
e7d3e31a80bf92ff30cd82495817a001a3806eff6b6dcc060fcdc56b314635ff  standard/kerning/The_quick_brown_fox_jumps_over_the_lazy_dog.md
eab51ea91f7502e20ff7acddca3bdb64c4683d07b143346a4e8e9c7925ef7f2c  small/kerning/a.md
ebe6389704dac38925fd72654698c44b44b91a210e7b1c04aab50234927b2c95  standard/smushing/a.md
ed7c84f41a71678531b8d0c84f1b4877ffdc4c19be76380e64c0eb6507dca081  standard/smushing/ABCDEFGHIJKLMNOPQRSTUVWXYZ.md
eee984b14347e34e21f15e445ae4e4c9451f22e671a27a25ab8042f2b250484c  small/full-width/abcdefghijklmnopqrstuvwxyz.md
ef808ed4fc4d5b5d1097974c304794d3b01a8988de55244c2e340cf99ae14974  slant/default/Hello_World.md
f0213695e714de0b77e26f96f8c647db72a6a9c7f6f9c310b3a614a72c1bf02d  standard/full-width/a.md
f097d9dd32524188b9a4faf076c6f2e8ecd0ca21496c9712d0b1d52de6edfaf9  small/default/0123456789.md
f7734ab429e256827962ef9de5ba18565f3a678c29bbc2be438c6ede5596d5a8  big/default/three_spaces.md
fbc78dbb36970df25b72f56bbde84d2c03857c59fc4839e6b2b33f3f946efdae  standard/smushing/95f0dac9.md
fd176e6be18335317d3431ca572eadf6906a8849e4212a382e4e2fd458d3f8ac  standard/default/space.md
fd54eede73eb8c4219556f12c0accab398ef6732067240d22ae25aa23f510e90  big/default/space.md
ffd5b96cb8f60c5aaa92e5f4503b5d1365da5bf5ae52b320725ccaf9808b865f  slant/kerning/space.md
