03098e4089cc67dba34a6bb48aee81caadb7e615eb689a36bc65886698a538f9  standard/kerning/The_quick_brown_fox_jumps_over_the_lazy_dog.md
03b04a540931e2622e50c930b7d79d31077a184163a8b8eab32bed710c4423ec  standard/kerning/Hello_World.md
22457645af932f5bde050438ea2925ae98ed6596435dc0f24c95eb959e84658e  standard/full-width/Hello_World.md
72e49beeddc708aa118b615bb8c30b89cf1f33dd6d528036acb349757fce0b4c  standard/full-width/The_quick_brown_fox_jumps_over_the_lazy_dog.md
73d1d9e0c7bf80c80004dd9a1b08e4094cee7d79476a1489fa777569cd2a6d60  standard/full-width/a.md
796e29861e4a04bc7f5188293c6d6f5e1438130e2986a00202f0e10f573c6df4  standard/kerning/FIGgo_1_0.md
8667075443a5a39f02e0782b7c4cbc20217f4bd65a7c0e9afea91dc6ae26d41c  standard/kerning/.md
9e20f3497f8d809f9e97e203e9ad5ae165c54d737a5d8f36e4f38a8c01a7f187  standard/full-width/FIGgo_1_0.md
a09e7f0b49521d211eac8bd028ccc47414a2921da9b044e785c7b507005fffcd  standard/full-width/.md
e30e70aa1411077566e806071c82ffb203e77e457b24e26b29c72f186ad8a273  standard/kerning/a.md
